
<div
    data-wp-interactive="konomiReaction"
    class="konomi-reaction"
    style="--konomi-color--inactive:#000000;--konomi-color--active:#ffffff;"
    data-wp-context='{"count":0,"isActive":false,"showCount":true}'>
    
<button
    class="wp-block-konomi-reaction"    data-wp-class--is-active="context.isActive"
    data-wp-on-async--click="actions.toggleStatus"
    data-wp-run--maybe-show-login-modal="konomi::callbacks.toggleLoginModal"
    style="anchor-name: --konomi-test"
>
    <svg width="32" height="28" fill="currentColor" class="konomi-icon konomi-icon--heart" version="1.1" xmlns="http://www.w3.org/2000/svg" xmlns:svg="http://www.w3.org/2000/svg">
	<path d="m 15.861161,5.8403516 c 1.825179,-1.8660134 3.103488,-3.4795003 5.915313,-3.7945996 5.279573,-0.5944425 10.135325,4.7063762 7.469332,9.924509 -0.758782,1.486107 -2.303691,3.253791 -4.01266,4.987954 -1.875308,1.904004 -3.951135,3.770018 -5.404897,5.184612 L 15.863439,26 12.586776,22.907111 C 8.6447551,19.184023 2.2167528,14.497759 2.0048407,8.6918881 1.85673,4.6246495 5.128836,2.0189351 8.8931251,2.0658648 12.256376,2.1105598 13.671401,3.7508636 15.861161,5.8403516 Z" />
</svg>

            <span class="konomi-label screen-reader-text">
            Save this post        </span>
    
            <span
            class="konomi-count"
            data-wp-text="context.count"
        >0</span>
    </button>
</div>
